[allibravobotina.wixsite.com/misitio-1.html]
[static.parastorage.com/unpkg/core-js-bundle@3.2.1/minified.js]
[static.parastorage.com/unpkg/focus-within-polyfill@5.0.9/dist/focus-within-polyfill.js]
[polyfill.io/v3/polyfill.mind82c.js]
[allibravobotina.wixsite.com/misitio-1/decodeURIComponent(e]
[backblue.gif]
[fade.gif]
[index.html]
[allibravobotina.wixsite.com/misitio-1/_api/v2/dynamicmodel.json]
[static.parastorage.com/services/santa-members-viewer-app/1.524.0/app.bundle.min.js]
[static.parastorage.com/services/santa-members-editor-app/1.834.0/editorAppModule.bundle.min.js]
[static.parastorage.com/services/santa-resources/resources/viewer/editorUI/fonts.v10.png]
[static.parastorage.com/services/wix-thunderbolt/dist/clientWorker.98614987.bundle.min.js]
[static.parastorage.com/services/editor-elements/1.2215.0/componentSSRSdks.bundle.js]
[static.parastorage.com/services/editor-elements/dist/componentSdks.b7347737.bundle.min.js]
[allibravobotina.wixsite.com/misitio-1/robots.txt]
[allibravobotina.wixsite.com/misitio-1/sitemap.xml]
[allibravobotina.wixsite.com/misitio-1/feed.xml]
[allibravobotina.wixsite.com/misitio-1/$&/index.html]
[static.parastorage.com/services/wix-thunderbolt/dist/bootstrap-features.4b51c6e3.chunk.min.js]
[allibravobotina.wixsite.com/_partials/index.html]
[static.parastorage.com/services/wix-thunderbolt/dist/main.a9144dd1.chunk.min.js]
[static.parastorage.com/unpkg/lodash@4.17.15/lodash.min.js]
[static.parastorage.com/services/wix-thunderbolt/dist/wix-code-sdk-providers.d2a46c67.chunk.min.js]
[static.parastorage.com/services/wix-thunderbolt/dist/siteMembers.81075a2a.chunk.min.js]
[static.parastorage.com/services/wix-thunderbolt/dist/siteScrollBlocker.a45d0302.chunk.min.js]
[static.parastorage.com/services/wix-thunderbolt/dist/tpaCommons.2ad89f41.chunk.min.js]
[static.parastorage.com/services/wix-thunderbolt/dist/tpaWorker.5720c045.chunk.min.js]
[static.parastorage.com/services/wix-thunderbolt/dist/windowMessageRegistrar.689a6767.chunk.min.js]
[static.parastorage.com/services/wix-thunderbolt/dist/platform.264d86de.chunk.min.js]
[static.parastorage.com/services/wix-thunderbolt/dist/vendors_vendor-react-dom.ef9352a2.chunk.min.js]
[static.parastorage.com/services/wix-thunderbolt/dist/vendor-react-dom.ad61c401.chunk.min.js]
[browser.sentry-cdn.com/5.5.0/bundle.min.js]
[static.parastorage.com/services/tag-manager-client/1.126.0/siteTags.bundle.min.js]
[static.parastorage.com/services/editor-elements/dist/thunderboltElements.51786f1f.bundle.min.js]
[allibravobotina.wixsite.com/index.html]
[static.parastorage.com/services/wix-perf-measure/1.208.0/wix-perf-measure.bundle.min.js]
[static.parastorage.com/services/wix-thunderbolt/dist/navigation.e7f56c64.chunk.min.js]
[static.parastorage.com/services/wix-thunderbolt/dist/pageScroll.5b3a1f69.chunk.min.js]
[static.parastorage.com/services/wix-thunderbolt/dist/platformPubsub.1737f4ee.chunk.min.js]
[static.parastorage.com/services/wix-thunderbolt/dist/scrollRestoration.7fe1bd54.chunk.min.js]
[static.parastorage.com/services/wix-thunderbolt/dist/scrollToAnchor.6b30c9ca.chunk.min.js]
[static.parastorage.com/services/wix-thunderbolt/dist/tpa.482963a7.chunk.min.js]
[static.parastorage.com/services/wix-thunderbolt/dist/windowScroll.44e762ce.chunk.min.js]
[static.parastorage.com/services/wix-thunderbolt/dist/activePopup.be2b5b8b.chunk.min.js]
[static.parastorage.com/services/wix-thunderbolt/dist/dropdownMenu.4410a302.chunk.min.js]
[static.parastorage.com/services/wix-thunderbolt/dist/pageTransitions.9d99cbc9.chunk.min.js]
[static.parastorage.com/services/editor-elements/dist/bootstrap-components.ea4646f0.chunk.min.js]
[static.parastorage.com/services/editor-elements/dist/DropDownMenu_TextOnlyMenuButtonSkin.a94f790c.chunk.min.js]
[static.parastorage.com/services/editor-elements/dist/FiveGridLine.2b23832e.chunk.min.js]
[static.parastorage.com/services/editor-elements/dist/Container_VerticalRibbonArea.a65034d2.chunk.min.js]
[static.parastorage.com/services/editor-elements/dist/Container_ArrowRightRibbon.a9d7673b.chunk.min.js]
[static.parastorage.com/services/editor-elements/dist/Container_DefaultAreaSkin.b4805ae5.chunk.min.js]
[static.parastorage.com/services/editor-elements/dist/StylableButton.35da69bf.chunk.min.js]
[static.parastorage.com/services/editor-elements/dist/FreemiumBannerDesktop.1e839891.chunk.min.js]
[allibravobotina.wixsite.com/misitio-1/index.html]
[allibravobotina.wixsite.com/misitio-1/quienes-somos.html]
[allibravobotina.wixsite.com/misitio-1.html]
[allibravobotina.wixsite.com/misitio-1/decodeURIComponent(e.html]
[allibravobotina.wixsite.com/misitio-1/robots.html]
[allibravobotina.wixsite.com/misitio-1/feed.html]
[allibravobotina.wixsite.com/misitio-1/$&/index.html]
[allibravobotina.wixsite.com/_partials/index.html]
[allibravobotina.wixsite.com/index.html]
[allibravobotina.wixsite.com/misitio-1/index.html]
[allibravobotina.wixsite.com/misitio-1/contacto.html]
[allibravobotina.wixsite.com/misitio-1/quienes-somos.html]
[static.parastorage.com/services/editor-elements/dist/VerticalLine_VerticalDottedLine.65c2b36b.chunk.min.js]
[static.parastorage.com/services/editor-elements/dist/ImageButton.0c4c0724.chunk.min.js]
[static.parastorage.com/services/editor-elements/dist/GoogleMap.a1d5e67c.chunk.min.js]
[allibravobotina.wixsite.com/misitio-1/interactua.html]
[static.parastorage.com/services/editor-elements/dist/media/sloppyframe.d6793e19.png]
[allibravobotina.wixsite.com/misitio-1/contacto.html]
[allibravobotina.wixsite.com/misitio-1/interactua.html]
[allibravobotina.wixsite.com/misitio-1/;-$Path=/;-XSRF-TOKEN=1599222574_Tq-40pA3JEml;-$Path=/;-hs=-1885409296;-$Path=/;-$Path=/;-SameSite=none;-$Path=]
[allibravobotina.wixsite.com/misitio-1/; $Path=/; XSRF-TOKEN=1599222574_Tq-40pA3JEml; $Path=/; hs=-1885409296; $Path=/; $Path=/; SameSite=none; $Path=/index.html]
[allibravobotina.wixsite.com/misitio-1/;-$Path=/;-$Path=/;-SameSite=none;-$Path=]
[allibravobotina.wixsite.com/misitio-1/; $Path=/; $Path=/; SameSite=none; $Path=/index.html]
[allibravobotina.wixsite.com/misitio.html]
[allibravobotina.wixsite.com/misitio/decodeURIComponent(e]
[allibravobotina.wixsite.com/misitio/_api/v2/dynamicmodel.json]
[static.parastorage.com/services/pro-gallery-santa-wrapper/1.1238.0/viewer.bundle.min.js]
[static.parastorage.com/services/pro-gallery-santa-wrapper/1.1238.0/viewerScript.bundle.min.js]
[static.parastorage.com/services/wix-form-builder/1.3369.0/viewer-app.bundle.min.js]
[static.parastorage.com/services/wix-form-builder/1.3369.0/editor-app.bundle.min.js]
[static.parastorage.com/services/wix-code-viewer-app/1.614.0/app.js]
[static.parastorage.com/services/dbsm-viewer-app/1.1151.0/app.js]
[allibravobotina.wixsite.com/misitio/robots.txt]
[allibravobotina.wixsite.com/misitio/sitemap.xml]
[allibravobotina.wixsite.com/misitio/feed.xml]
[allibravobotina.wixsite.com/misitio/$&/index.html]
[static.parastorage.com/services/wix-thunderbolt/dist/landingPage.cb487e54.chunk.min.js]
[static.parastorage.com/services/editor-elements/dist/DropDownMenu_TextSeparatorsMenuButtonSkin.a114aecc.chunk.min.js]
[static.parastorage.com/services/editor-elements/dist/Container_RectangleArea.81d242b0.chunk.min.js]
[allibravobotina.wixsite.com/misitio/fondo.png]
[allibravobotina.wixsite.com/misitio/quienes-somos.html]
[allibravobotina.wixsite.com/misitio.html]
[allibravobotina.wixsite.com/misitio-1/;-$Path=/;-XSRF-TOKEN=1599222574_Tq-40pA3JEml;-$Path=/;-hs=-1885409296;-$Path=/;-$Path=/;-SameSite=none;-$Path=.html]
[allibravobotina.wixsite.com/misitio-1/;-$Path=/;-$Path=/;-SameSite=none;-$Path=.html]
[allibravobotina.wixsite.com/misitio/decodeURIComponent(e.html]
[allibravobotina.wixsite.com/misitio/;-$Path=/;-$Path=/;-SameSite=none;-$Path=]
[allibravobotina.wixsite.com/misitio/; $Path=/; $Path=/; SameSite=none; $Path=/index.html]
[allibravobotina.wixsite.com/misitio/robots.html]
[allibravobotina.wixsite.com/misitio/feed.html]
[allibravobotina.wixsite.com/misitio/$&/index.html]
[allibravobotina.wixsite.com/misitio/fondo.html]
[allibravobotina.wixsite.com/misitio/contacto.html]
[allibravobotina.wixsite.com/misitio/index.html]
[allibravobotina.wixsite.com/misitio/index.html]
[allibravobotina.wixsite.com/misitio/POST]
[browser.sentry-cdn.com/4.6.2/bundle.min.js]
[static.parastorage.com/unpkg/whatwg-fetch@3.0.0/dist/fetch.umd.js]
[static.parastorage.com/services/wix-bolt/1.6576.0/bolt-main/app/bolt-custom-elements.min.js]
[static.parastorage.com/unpkg/requirejs-bolt@2.3.6/requirejs.min.js]
[static.parastorage.com/services/skins/2.1229.80/images/wysiwyg/core/themes/base/cursor_zoom_out.png]
[static.parastorage.com/services/skins/2.1229.80/images/wysiwyg/core/themes/base/cursor_zoom_in.png]
[static.wixstatic.com/media/9c3222_f18a17d4d3244b76b24a64941e25963e_mv2.png/v1/crop/x_255,y_0,w_748,h_478/fill/w_229,h_146,al_c,usm_0.66_1.00_0.01,blur_2/fondo.png]
[static.wixstatic.com/media/9c3222_e0533eb3a937489ea2e49d167bad1d37_mv2.png/v1/fill/w_241,h_60,al_c,usm_0.66_1.00_0.01,blur_2/f.png]
[static.wixstatic.com/media/9c3222_3e5574a4838c4e8ab8ef68bc7ca03100_mv2.png/v1/fill/w_222,h_167,al_c,usm_0.66_1.00_0.01,blur_2/LOGO N.png]
[static.wixstatic.com/media/0da768_0c5ce9e2ffa442bea0b79b690223a939_mv2.png]
[allibravobotina.wixsite.com/misitio/quienes-somos.html]
[allibravobotina.wixsite.com/_partials/wix-bolt/1.6576.0/node_modules/viewer-platform-worker/dist/wixcode-worker.js]
[static.wixstatic.com/media/9c3222_3e5574a4838c4e8ab8ef68bc7ca03100_mv2.png/v1/fill/w_276,h_207,al_c,usm_0.66_1.00_0.01,blur_2/LOGO N.png]
[allibravobotina.wixsite.com/misitio/contacto.html]
[allibravobotina.wixsite.com/misitio/;-$Path=/;-$Path=/;-SameSite=none;-$Path=.html]
[allibravobotina.wixsite.com/misitio/;-$Path=/;-hs=-1885409296;-$Path=/;-$Path=/;-SameSite=none;-$Path=]
[allibravobotina.wixsite.com/misitio/; $Path=/; hs=-1885409296; $Path=/; $Path=/; SameSite=none; $Path=/index.html]
[allibravobotina.wixsite.com/misitio/POST.html]
[allibravobotina.wixsite.com/misitio/;-$Path=/;-hs=-1885409296;-$Path=/;-$Path=/;-SameSite=none;-$Path=.html]
